> Task :generateJte UP-TO-DATE
> Task :compileJava UP-TO-DATE
> Task :processResources UP-TO-DATE
> Task :classes UP-TO-DATE
> Task :compileTestJava UP-TO-DATE
> Task :precompileJte SKIPPED
> Task :processTestResources UP-TO-DATE
> Task :testClasses UP-TO-DATE
./gradlew : OpenJDK 64-Bit Server VM warning: Sharing is only supported for boot loader classes because bootstrap classpath has been appended
At line:1 char:33
+ ... y\Pharma" ; ./gradlew test --tests "vn.edu.fpt.pharma.integration.man ...
+                 ~~~~~~~~~~~~~~~~~~~~~~~~~~~~~~~~~~~~~~~~~~~~~~~~~~~~~~~~~
    + CategoryInfo          : NotSpecified: (OpenJDK 64-Bit ...s been appended:String) [], RemoteException
    + FullyQualifiedErrorId : NativeCommandError
 

> Task :test

Dashboard Controller Integration Tests > GET /manager/dashboard - Should return dashboard page FAILED
    java.lang.AssertionError at DashboardControllerIT.java:43

Dashboard Controller Integration Tests > GET /api/manager/dashboard - Should return dashboard data with default days=0 FAILED
    java.lang.AssertionError at DashboardControllerIT.java:62

Dashboard Controller Integration Tests > GET /api/manager/dashboard?days=7 - Should return dashboard data for last 7 days FAILED
    java.lang.AssertionError at DashboardControllerIT.java:79

Dashboard Controller Integration Tests > GET /api/manager/dashboard?days=30 - Should return dashboard data for last 30 days FAILED
    java.lang.AssertionError at DashboardControllerIT.java:96

Dashboard Controller Integration Tests > GET /manager/staff - Should return staff management page FAILED
    java.lang.AssertionError at DashboardControllerIT.java:116

Dashboard Controller Integration Tests > GET /manager/report/revenue - Should return revenue report page FAILED
    java.lang.AssertionError at DashboardControllerIT.java:131

Dashboard Controller Integration Tests > GET /manager/report/inventory - Should return inventory report page FAILED
    java.lang.AssertionError at DashboardControllerIT.java:146

Dashboard Controller Integration Tests > GET /manager/report/import - Should return import report page FAILED
    java.lang.AssertionError at DashboardControllerIT.java:161

Dashboard Controller Integration Tests > GET /manager/shift - Should return shift management page FAILED
    java.lang.AssertionError at DashboardControllerIT.java:178

Import/Export Report Controller Integration Tests > GET /api/manager/import-export/summary - Should return inventory summary FAILED
    java.lang.AssertionError at ImportExportReportControllerIT.java:38

Import/Export Report Controller Integration Tests > GET /api/manager/import-export/movements - Should return movements for default range (week) FAILED
    java.lang.AssertionError at ImportExportReportControllerIT.java:63

Import/Export Report Controller Integration Tests > GET /api/manager/import-export/movements?range=week - Should return weekly movements FAILED
    java.lang.AssertionError at ImportExportReportControllerIT.java:80

Import/Export Report Controller Integration Tests > GET /api/manager/import-export/movements?range=month - Should return monthly movements FAILED
    java.lang.AssertionError at ImportExportReportControllerIT.java:97

Import/Export Report Controller Integration Tests > GET /api/manager/import-export/movements?range=year - Should return yearly movements FAILED
    java.lang.AssertionError at ImportExportReportControllerIT.java:114

Inventory Report Controller Integration Tests > GET /api/manager/report/inventory - Should return inventory summary FAILED
    java.lang.AssertionError at InventoryReportControllerIT.java:41

Inventory Report Controller Integration Tests > GET /api/manager/report/inventory/details - Should return inventory details FAILED
    java.lang.AssertionError at InventoryReportControllerIT.java:61

Inventory Report Controller Integration Tests > GET /api/manager/report/inventory/categories - Should return all categories FAILED
    java.lang.AssertionError at InventoryReportControllerIT.java:81

Inventory Report Controller Integration Tests > GET /api/manager/report/inventory/statistics - Should return category statistics FAILED
    java.lang.AssertionError at InventoryReportControllerIT.java:101

Inventory Report Controller Integration Tests > GET /api/manager/report/inventory/search - Should return all inventory (no filter) FAILED
    java.lang.AssertionError at InventoryReportControllerIT.java:121

Inventory Report Controller Integration Tests > GET /api/manager/report/inventory/search?query=Paracetamol - Should search by product name FAILED
    java.lang.AssertionError at InventoryReportControllerIT.java:138

Inventory Report Controller Integration Tests > GET /api/manager/report/inventory/search?categoryId=1 - Should filter by category FAILED
    java.lang.AssertionError at InventoryReportControllerIT.java:155

Inventory Report Controller Integration Tests > GET /api/manager/report/inventory/search?status=low - Should filter by low stock status FAILED
    java.lang.AssertionError at InventoryReportControllerIT.java:172

Inventory Report Controller Integration Tests > GET /api/manager/report/inventory/search - Should apply multiple filters FAILED
    java.lang.AssertionError at InventoryReportControllerIT.java:191

Revenue Report Controller Integration Tests > GET /api/manager/report/revenue - Should return revenue report with default params FAILED
    java.lang.AssertionError at RevenueReportControllerIT.java:39

Revenue Report Controller Integration Tests > GET /api/manager/report/revenue?date=2025-12-10 - Should return revenue for specific date FAILED
    java.lang.AssertionError at RevenueReportControllerIT.java:57

Revenue Report Controller Integration Tests > GET /api/manager/report/revenue?mode=daily - Should return daily revenue mode FAILED
    java.lang.AssertionError at RevenueReportControllerIT.java:74

Revenue Report Controller Integration Tests > GET /api/manager/report/revenue?mode=weekly - Should return weekly revenue mode FAILED
    java.lang.AssertionError at RevenueReportControllerIT.java:91

Revenue Report Controller Integration Tests > GET /api/manager/report/revenue?mode=monthly - Should return monthly revenue mode FAILED
    java.lang.AssertionError at RevenueReportControllerIT.java:108

Revenue Report Controller Integration Tests > GET /api/manager/report/revenue?period=thisMonth - Should return revenue for this month FAILED
    java.lang.AssertionError at RevenueReportControllerIT.java:125

Revenue Report Controller Integration Tests > GET /api/manager/report/revenue?shift=1 - Should filter by shift FAILED
    java.lang.AssertionError at RevenueReportControllerIT.java:142

Revenue Report Controller Integration Tests > GET /api/manager/report/revenue?employeeId=2 - Should filter by employee FAILED
    java.lang.AssertionError at RevenueReportControllerIT.java:159

Revenue Report Controller Integration Tests > GET /api/manager/report/revenue?page=0&size=10 - Should support pagination FAILED
    java.lang.AssertionError at RevenueReportControllerIT.java:177

Revenue Report Controller Integration Tests > GET /api/manager/report/revenue - Should apply multiple filters FAILED
    java.lang.AssertionError at RevenueReportControllerIT.java:197

Shift Assignment Controller Integration Tests > GET /api/manager/shifts/1/assignments - Should return assignments for shift FAILED
    java.lang.AssertionError at ShiftAssignmentControllerIT.java:47

Shift Assignment Controller Integration Tests > GET /api/manager/shifts/9999/assignments - Should return empty list for non-existent shift FAILED
    java.lang.AssertionError at ShiftAssignmentControllerIT.java:63

Shift Assignment Controller Integration Tests > GET /api/manager/shifts/1/assign - Should return assignable staff for shift FAILED
    java.lang.AssertionError at ShiftAssignmentControllerIT.java:83

Shift Assignment Controller Integration Tests > POST /api/manager/shifts/1/assign - Should assign staff to shift successfully FAILED
    java.lang.AssertionError at ShiftAssignmentControllerIT.java:108

Shift Assignment Controller Integration Tests > POST /api/manager/shifts/1/assign - Should return 400 for missing userId FAILED
    java.lang.AssertionError at ShiftAssignmentControllerIT.java:129

Shift Assignment Controller Integration Tests > DELETE /api/manager/shifts/1/remove/3 - Should remove staff from shift successfully FAILED
    java.lang.AssertionError at ShiftAssignmentControllerIT.java:168

Shift Assignment Controller Integration Tests > POST /api/manager/shifts/1/extend/3 - Should extend shift work successfully FAILED
    java.lang.AssertionError at ShiftAssignmentControllerIT.java:210

Shift Assignment Controller Integration Tests > POST /api/manager/shifts/1/extend/9999 - Should return 404 for non-existent assignment FAILED
    java.lang.AssertionError at ShiftAssignmentControllerIT.java:225

Shift Controller Integration Tests > GET /api/manager/shifts - Should return all active shifts FAILED
    java.lang.AssertionError at ShiftControllerIT.java:48

Shift Controller Integration Tests > GET /api/manager/shifts?includeDeleted=true - Should return all shifts including deleted FAILED
    java.lang.AssertionError at ShiftControllerIT.java:65

Shift Controller Integration Tests > GET /api/manager/shifts?q=Sßng - Should search shifts by name FAILED
    java.lang.AssertionError at ShiftControllerIT.java:82

Shift Controller Integration Tests > GET /api/manager/shifts/1 - Should return shift by ID FAILED
    java.lang.AssertionError at ShiftControllerIT.java:102

Shift Controller Integration Tests > GET /api/manager/shifts/9999 - Should return 404 for non-existent shift FAILED
    java.lang.AssertionError at ShiftControllerIT.java:118

Shift Controller Integration Tests > POST /api/manager/shifts - Should create new shift successfully FAILED
    java.lang.AssertionError at ShiftControllerIT.java:144

Shift Controller Integration Tests > POST /api/manager/shifts - Should return 400 for invalid time range FAILED
    java.lang.AssertionError at ShiftControllerIT.java:167

Shift Controller Integration Tests > POST /api/manager/shifts - Should return 400 for missing required fields FAILED
    java.lang.AssertionError at ShiftControllerIT.java:187

Shift Controller Integration Tests > PUT /api/manager/shifts/1 - Should update shift successfully FAILED
    java.lang.AssertionError at ShiftControllerIT.java:213

Shift Controller Integration Tests > PUT /api/manager/shifts/9999 - Should return 400 for non-existent shift FAILED
    java.lang.AssertionError at ShiftControllerIT.java:236

Shift Controller Integration Tests > DELETE /api/manager/shifts/3 - Should soft delete shift successfully FAILED
    java.lang.AssertionError at ShiftControllerIT.java:255

Shift Controller Integration Tests > PATCH /api/manager/shifts/3/restore - Should restore deleted shift successfully FAILED
    java.lang.AssertionError at ShiftControllerIT.java:274

Shift Work Controller Integration Tests > GET /api/manager/shifts/1/works - Should return shift works for today FAILED
    java.lang.AssertionError at ShiftWorkControllerIT.java:47

Shift Work Controller Integration Tests > GET /api/manager/shifts/1/works?date=2025-12-10 - Should return shift works for specific date FAILED
    java.lang.AssertionError at ShiftWorkControllerIT.java:65

Shift Work Controller Integration Tests > GET /api/manager/shifts/9999/works - Should return empty list for non-existent shift FAILED
    java.lang.AssertionError at ShiftWorkControllerIT.java:81

Shift Work Controller Integration Tests > POST /api/manager/shifts/1/works - Should assign shift work successfully FAILED
    java.lang.AssertionError at ShiftWorkControllerIT.java:107

Shift Work Controller Integration Tests > POST /api/manager/shifts/1/works - Should assign shift work for future date FAILED
    java.lang.AssertionError at ShiftWorkControllerIT.java:129

Shift Work Controller Integration Tests > POST /api/manager/shifts/1/works - Should return 400 for missing required fields FAILED
    java.lang.AssertionError at ShiftWorkControllerIT.java:150

Shift Work Controller Integration Tests > POST /api/manager/shifts/1/works - Should return 400 for invalid date format FAILED
    java.lang.AssertionError at ShiftWorkControllerIT.java:171

Shift Work Controller Integration Tests > POST /api/manager/shifts/9999/works - Should return 400 for non-existent shift FAILED
    java.lang.AssertionError at ShiftWorkControllerIT.java:192

Shift Work Controller Integration Tests > DELETE /api/manager/shift-works/1 - Should delete shift work successfully FAILED
    java.lang.AssertionError at ShiftWorkControllerIT.java:233

Staff Controller Integration Tests > GET /api/manager/staffs - Should return all active staff FAILED
    java.lang.AssertionError at StaffControllerIT.java:49

Staff Controller Integration Tests > GET /api/manager/staffs?showDeleted=true - Should return all staff including deleted FAILED
    java.lang.AssertionError at StaffControllerIT.java:66

Staff Controller Integration Tests > GET /api/manager/staffs/pharmacists - Should return pharmacist staff only FAILED
    java.lang.AssertionError at StaffControllerIT.java:86

Staff Controller Integration Tests > GET /api/manager/staffs/2 - Should return staff by ID FAILED
    java.lang.AssertionError at StaffControllerIT.java:106

Staff Controller Integration Tests > GET /api/manager/staffs/9999 - Should return 404 for non-existent staff FAILED
    java.lang.AssertionError at StaffControllerIT.java:122

Staff Controller Integration Tests > POST /api/manager/staffs - Should create new staff successfully FAILED
    java.lang.AssertionError at StaffControllerIT.java:150

Staff Controller Integration Tests > POST /api/manager/staffs - Should return 400 for invalid data FAILED
    java.lang.AssertionError at StaffControllerIT.java:173

Staff Controller Integration Tests > PUT /api/manager/staffs/2 - Should update staff successfully FAILED
    java.lang.AssertionError at StaffControllerIT.java:199

Staff Controller Integration Tests > PUT /api/manager/staffs/9999 - Should return 400 for non-existent staff FAILED
    java.lang.AssertionError at StaffControllerIT.java:222

Staff Controller Integration Tests > DELETE /api/manager/staffs/3 - Should soft delete staff successfully FAILED
    java.lang.AssertionError at StaffControllerIT.java:241

Staff Controller Integration Tests > PATCH /api/manager/staffs/3/restore - Should restore deleted staff successfully FAILED
    java.lang.AssertionError at StaffControllerIT.java:260

03:26:33.543 [SpringApplicationShutdownHook] DEBUG o.s.w.c.s.GenericWebApplicationContext - Closing org.springframework.web.context.support.GenericWebApplicationContext@3bcedb06, started on Thu Dec 11 03:26:20 GMT+07:00 2025


77 tests completed, 73 failed

> Task :test FAILED
FAILURE: Build failed with an exception.

* What went wrong:
Execution failed for task ':test'.
> There were failing tests. See the report at: file:///E:/FPT%20University/Pharma/build/reports/tests/test/index.html

* Try:
> Run with --scan to get full insights.

6 actionable tasks: 1 executed, 5 up-to-date
BUILD FAILED in 17s
